2026-06-11 13:41:15,497 [INFO] Pairs: ['GBPJPY=X', 'XAUUSD=X', 'GBPUSD=X']
2026-06-11 13:41:15,497 [INFO] Interval: 5m  |  Scan every: 60s
2026-06-11 13:41:15,498 [INFO] Min confidence: 60%
2026-06-11 13:41:15,498 [INFO] Scanning GBPJPY=X...
2026-06-11 13:41:19,237 [INFO] GBPJPY=X: Confidence 55% below threshold.
2026-06-11 13:41:19,237 [INFO] Scanning XAUUSD=X...
2026-06-11 13:41:19,862 [ERROR] HTTP Error 404: {"quoteSummary":{"result":null,"error":{"code":"Not Found","description":"Quote not found for symbol: XAUUSD=X"}}}
2026-06-11 13:41:20,420 [ERROR] $XAUUSD=X: possibly delisted; no price data found  (period=5d) (Yahoo error = "No data found, symbol may be delisted")
2026-06-11 13:41:20,421 [WARNING] Failed to fetch XAUUSD=X: No data returned for XAUUSD=X
2026-06-11 13:41:20,424 [INFO] Scanning GBPUSD=X...
2026-06-11 13:41:21,684 [INFO] Alert sent to Discord for GBPUSD=X.
2026-06-11 13:41:21,685 [INFO] Scan complete. Sleeping 60s...

2026-06-11 13:42:21,687 [INFO] Scanning GBPJPY=X...
2026-06-11 13:42:22,393 [INFO] GBPJPY=X: Confidence 55% below threshold.
2026-06-11 13:42:22,394 [INFO] Scanning XAUUSD=X...
2026-06-11 13:42:22,803 [ERROR] HTTP Error 404: {"quoteSummary":{"result":null,"error":{"code":"Not Found","description":"Quote not found for symbol: XAUUSD=X"}}}
2026-06-11 13:42:23,105 [ERROR] $XAUUSD=X: possibly delisted; no price data found  (period=5d) (Yahoo error = "No data found, symbol may be delisted")
2026-06-11 13:42:23,106 [WARNING] Failed to fetch XAUUSD=X: No data returned for XAUUSD=X
2026-06-11 13:42:23,106 [INFO] Scanning GBPUSD=X...
2026-06-11 13:42:24,651 [INFO] Alert sent to Discord for GBPUSD=X.
2026-06-11 13:42:24,653 [INFO] Scan complete. Sleeping 60s...

2026-06-11 13:43:24,653 [INFO] Scanning GBPJPY=X...
2026-06-11 13:43:25,115 [INFO] GBPJPY=X: Confidence 55% below threshold.
2026-06-11 13:43:25,115 [INFO] Scanning XAUUSD=X...
2026-06-11 13:43:25,390 [ERROR] $XAUUSD=X: possibly delisted; no price data found  (period=5d) (Yahoo error = "No data found, symbol may be delisted")
2026-06-11 13:43:25,390 [WARNING] Failed to fetch XAUUSD=X: No data returned for XAUUSD=X
2026-06-11 13:43:25,391 [INFO] Scanning GBPUSD=X...
2026-06-11 13:43:26,557 [INFO] Alert sent to Discord for GBPUSD=X.
2026-06-11 13:43:26,558 [INFO] Scan complete. Sleeping 60s...

2026-06-11 13:48:09,593 [INFO] Pairs: ['GBPJPY=X', 'XAUUSD=X', 'GBPUSD=X']
2026-06-11 13:48:09,593 [INFO] Interval: 5m  |  Scan every: 60s
2026-06-11 13:48:09,594 [INFO] Min confidence: 60%
2026-06-11 13:48:09,594 [INFO] Scanning GBPJPY=X...
2026-06-11 13:48:11,925 [INFO] GBPJPY=X: No BOS detected.
2026-06-11 13:48:11,926 [INFO] Scanning XAUUSD=X...
2026-06-11 13:48:12,581 [ERROR] HTTP Error 404: {"quoteSummary":{"result":null,"error":{"code":"Not Found","description":"Quote not found for symbol: XAUUSD=X"}}}
2026-06-11 13:48:13,028 [ERROR] $XAUUSD=X: possibly delisted; no price data found  (period=5d) (Yahoo error = "No data found, symbol may be delisted")
2026-06-11 13:48:13,029 [WARNING] Failed to fetch XAUUSD=X: No data returned for XAUUSD=X
2026-06-11 13:48:13,029 [INFO] Scanning GBPUSD=X...
2026-06-11 13:48:13,561 [INFO] GBPUSD=X: No BOS detected.
2026-06-11 13:48:13,562 [INFO] Scan complete. Sleeping 60s...

2026-06-11 13:49:13,562 [INFO] Scanning GBPJPY=X...
2026-06-11 13:49:14,040 [INFO] GBPJPY=X: No BOS detected.
2026-06-11 13:49:14,040 [INFO] Scanning XAUUSD=X...
2026-06-11 13:49:14,420 [ERROR] HTTP Error 404: {"quoteSummary":{"result":null,"error":{"code":"Not Found","description":"Quote not found for symbol: XAUUSD=X"}}}
2026-06-11 13:49:14,665 [ERROR] $XAUUSD=X: possibly delisted; no price data found  (period=5d) (Yahoo error = "No data found, symbol may be delisted")
2026-06-11 13:49:14,666 [WARNING] Failed to fetch XAUUSD=X: No data returned for XAUUSD=X
2026-06-11 13:49:14,666 [INFO] Scanning GBPUSD=X...
2026-06-11 13:49:15,166 [INFO] GBPUSD=X: No BOS detected.
2026-06-11 13:49:15,166 [INFO] Scan complete. Sleeping 60s...

2026-06-11 13:50:15,166 [INFO] Scanning GBPJPY=X...
2026-06-11 13:50:15,658 [INFO] GBPJPY=X: No BOS detected.
2026-06-11 13:50:15,659 [INFO] Scanning XAUUSD=X...
2026-06-11 13:50:15,963 [ERROR] $XAUUSD=X: possibly delisted; no price data found  (period=5d) (Yahoo error = "No data found, symbol may be delisted")
2026-06-11 13:50:15,964 [WARNING] Failed to fetch XAUUSD=X: No data returned for XAUUSD=X
2026-06-11 13:50:15,965 [INFO] Scanning GBPUSD=X...
2026-06-11 13:50:16,448 [INFO] GBPUSD=X: No BOS detected.
2026-06-11 13:50:16,448 [INFO] Scan complete. Sleeping 60s...

2026-06-11 13:51:16,449 [INFO] Scanning GBPJPY=X...
2026-06-11 13:51:16,946 [INFO] GBPJPY=X: No BOS detected.
2026-06-11 13:51:16,946 [INFO] Scanning XAUUSD=X...
2026-06-11 13:51:17,150 [ERROR] $XAUUSD=X: possibly delisted; no price data found  (period=5d) (Yahoo error = "No data found, symbol may be delisted")
2026-06-11 13:51:17,151 [WARNING] Failed to fetch XAUUSD=X: No data returned for XAUUSD=X
2026-06-11 13:51:17,152 [INFO] Scanning GBPUSD=X...
2026-06-11 13:51:17,633 [INFO] GBPUSD=X: No BOS detected.
2026-06-11 13:51:17,634 [INFO] Scan complete. Sleeping 60s...

2026-06-11 13:52:17,634 [INFO] Scanning GBPJPY=X...
2026-06-11 13:52:18,093 [INFO] GBPJPY=X: No BOS detected.
2026-06-11 13:52:18,093 [INFO] Scanning XAUUSD=X...
2026-06-11 13:52:18,435 [ERROR] $XAUUSD=X: possibly delisted; no price data found  (period=5d) (Yahoo error = "No data found, symbol may be delisted")
2026-06-11 13:52:18,436 [WARNING] Failed to fetch XAUUSD=X: No data returned for XAUUSD=X
2026-06-11 13:52:18,436 [INFO] Scanning GBPUSD=X...
2026-06-11 13:52:18,912 [INFO] GBPUSD=X: No BOS detected.
2026-06-11 13:52:18,912 [INFO] Scan complete. Sleeping 60s...

2026-06-11 13:53:18,913 [INFO] Scanning GBPJPY=X...
2026-06-11 13:53:19,388 [INFO] GBPJPY=X: No BOS detected.
2026-06-11 13:53:19,389 [INFO] Scanning XAUUSD=X...
2026-06-11 13:53:19,608 [ERROR] $XAUUSD=X: possibly delisted; no price data found  (period=5d) (Yahoo error = "No data found, symbol may be delisted")
2026-06-11 13:53:19,608 [WARNING] Failed to fetch XAUUSD=X: No data returned for XAUUSD=X
2026-06-11 13:53:19,609 [INFO] Scanning GBPUSD=X...
2026-06-11 13:53:20,118 [INFO] GBPUSD=X: No BOS detected.
2026-06-11 13:53:20,118 [INFO] Scan complete. Sleeping 60s...

